INFO: Running for noise babble
-----
babble,filtered,knn,5
[[23  3]
 [ 2 24]]
[0.8846153846153846, 0.9230769230769231] [0.92, 0.8888888888888888] [0.9019607843137256, 0.9056603773584906] 0.9038105808361081 0.9038461538461539
babble,filtered,knn,-10
[[11 15]
 [ 5 21]]
[0.4230769230769231, 0.8076923076923077] [0.6875, 0.5833333333333334] [0.5238095238095238, 0.6774193548387097] 0.6006144393241168 0.6153846153846154
babble,filtered,knn,-5
[[19  7]
 [ 7 19]]
[0.7307692307692307, 0.7307692307692307] [0.7307692307692307, 0.7307692307692307] [0.7307692307692306, 0.7307692307692306] 0.7307692307692306 0.7307692307692307
babble,filtered,knn,0
[[24  2]
 [12 14]]
[0.9230769230769231, 0.5384615384615384] [0.6666666666666666, 0.875] [0.7741935483870968, 0.6666666666666667] 0.7204301075268817 0.7307692307692307
babble,filtered,knn,10
[[24  2]
 [ 2 24]]
[0.9230769230769231, 0.9230769230769231] [0.9230769230769231, 0.9230769230769231] [0.9230769230769231, 0.9230769230769231] 0.9230769230769231 0.9230769230769231
babble,filtered,svm,5
